capture_commit	e0aa715e09bfa41911b86264d8a90e0a8777fc83
product_base_commit	ae5ff551457adce869dee6159200c85a63aab3de
branch	main
status_begin
 D data/README.md
 D tmp/agent-runs/20260708T110203Z/live-skip.txt
 D tmp/agent-runs/20260708T110203Z/transcript.txt
 D tmp/agent-runs/20260708T115614Z/live-skip.txt
 D tmp/agent-runs/20260708T115614Z/smoke-replay.txt
 D tmp/agent-runs/20260708T115614Z/transcript.txt
 D tmp/agent-runs/20260708T180102Z/transcript.txt
 D tmp/agent-runs/20260708T180110Z/transcript.txt
 D tmp/agent-runs/20260708T180141Z/proof/admissions.md
 D tmp/agent-runs/20260708T180141Z/proof/artifacts.md
 D tmp/agent-runs/20260708T180141Z/proof/attempts.md
 D tmp/agent-runs/20260708T180141Z/proof/checks.md
 D tmp/agent-runs/20260708T180141Z/proof/context-edges.md
 D tmp/agent-runs/20260708T180141Z/proof/context.md
 D tmp/agent-runs/20260708T180141Z/proof/decisions.md
 D tmp/agent-runs/20260708T180141Z/proof/exchanges.md
 D tmp/agent-runs/20260708T180141Z/proof/observations.md
 D tmp/agent-runs/20260708T180141Z/proof/prompt-cards.md
 D tmp/agent-runs/20260708T180141Z/proof/prompt-frames.md
 D tmp/agent-runs/20260708T180141Z/proof/records.md
 D tmp/agent-runs/20260708T180141Z/proof/selector-candidates.md
 D tmp/agent-runs/20260708T180141Z/proof/state-vector.md
 D tmp/agent-runs/20260708T180141Z/proof/status.md
 D tmp/agent-runs/20260708T180141Z/proof/summary.md
 D tmp/agent-runs/20260708T180141Z/proof/token-usage.md
 D tmp/agent-runs/20260708T180141Z/proof/warnings.md
 D tmp/agent-runs/20260708T180141Z/proof/word-counts.md
 D tmp/agent-runs/20260708T180141Z/proof/workspace-tree.md
 D tmp/agent-runs/20260708T180141Z/protocol-experiments/adoption.md
 D tmp/agent-runs/20260708T180141Z/protocol-experiments/artifact-manifest.md
 D tmp/agent-runs/20260708T180141Z/protocol-experiments/baseline.md
 D tmp/agent-runs/20260708T180141Z/protocol-experiments/context-kernel.md
 D tmp/agent-runs/20260708T180141Z/protocol-experiments/personal-workspace.md
 D tmp/agent-runs/20260708T180141Z/protocol-experiments/protocol-safe.md
 D tmp/agent-runs/20260708T180141Z/protocol-experiments/protocol-stress.md
 D tmp/agent-runs/20260708T180141Z/protocol-experiments/software-project.md
 D tmp/agent-runs/20260708T180141Z/transcript.txt
 D tmp/agent-runs/20260709T051136Z-amplified-redesign/commands/20260709T051213Z-cargo-run--p-lkjagent-xtask----check-docs.exit
 D tmp/agent-runs/20260709T051136Z-amplified-redesign/commands/20260709T051213Z-cargo-run--p-lkjagent-xtask----check-docs.out
 D tmp/agent-runs/20260709T051136Z-amplified-redesign/commands/20260709T051213Z-cargo-run--p-lkjagent-xtask----check-lines.exit
 D tmp/agent-runs/20260709T051136Z-amplified-redesign/commands/20260709T051213Z-cargo-run--p-lkjagent-xtask----check-lines.out
 D tmp/agent-runs/20260709T051136Z-amplified-redesign/commands/20260709T051213Z-git-log---oneline--n-20.exit
 D tmp/agent-runs/20260709T051136Z-amplified-redesign/commands/20260709T051213Z-git-log---oneline--n-20.out
 D tmp/agent-runs/20260709T051136Z-amplified-redesign/commands/20260709T051213Z-git-status---short---branch.exit
 D tmp/agent-runs/20260709T051136Z-amplified-redesign/commands/20260709T051213Z-git-status---short---branch.out
 D tmp/agent-runs/20260709T051136Z-amplified-redesign/commands/20260709T051217Z-cargo-run--p-lkjagent-xtask----quiet-verify.exit
 D tmp/agent-runs/20260709T051136Z-amplified-redesign/commands/20260709T051217Z-cargo-run--p-lkjagent-xtask----quiet-verify.out
 D tmp/agent-runs/20260709T051136Z-amplified-redesign/commands/20260709T051447Z-cargo-run--p-lkjagent-xtask----check-files.exit
 D tmp/agent-runs/20260709T051136Z-amplified-redesign/commands/20260709T051447Z-cargo-run--p-lkjagent-xtask----check-files.out
 D tmp/agent-runs/20260709T051136Z-amplified-redesign/commands/20260709T051447Z-cargo-run--p-lkjagent-xtask----check-style.exit
 D tmp/agent-runs/20260709T051136Z-amplified-redesign/commands/20260709T051447Z-cargo-run--p-lkjagent-xtask----check-style.out
 D tmp/agent-runs/20260709T051136Z-amplified-redesign/commands/20260709T051448Z-python3-tmp-lkjagent-yolo-amplified-thinking-packet-20260708-11-scripts-audit_re.exit
 D tmp/agent-runs/20260709T051136Z-amplified-redesign/commands/20260709T051448Z-python3-tmp-lkjagent-yolo-amplified-thinking-packet-20260708-11-scripts-audit_re.out
 D tmp/agent-runs/20260709T051136Z-amplified-redesign/commands/20260709T051448Z-python3-tmp-lkjagent-yolo-amplified-thinking-packet-20260708-11-scripts-prompt_c.exit
 D tmp/agent-runs/20260709T051136Z-amplified-redesign/commands/20260709T051448Z-python3-tmp-lkjagent-yolo-amplified-thinking-packet-20260708-11-scripts-prompt_c.out
 D tmp/agent-runs/20260709T051136Z-amplified-redesign/commands/20260709T051540Z-cargo-test--p-lkjagent-app---tests.exit
 D tmp/agent-runs/20260709T051136Z-amplified-redesign/commands/20260709T051540Z-cargo-test--p-lkjagent-app---tests.out
 D tmp/agent-runs/20260709T051136Z-amplified-redesign/commands/20260709T051540Z-cargo-test--p-lkjagent-core---tests.exit
 D tmp/agent-runs/20260709T051136Z-amplified-redesign/commands/20260709T051540Z-cargo-test--p-lkjagent-core---tests.out
 D tmp/agent-runs/20260709T051136Z-amplified-redesign/commands/20260709T051540Z-cargo-test--p-lkjagent-store---tests.exit
 D tmp/agent-runs/20260709T051136Z-amplified-redesign/commands/20260709T051540Z-cargo-test--p-lkjagent-store---tests.out
 D tmp/agent-runs/20260709T051136Z-amplified-redesign/commands/20260709T051540Z-cargo-test--p-lkjagent-xtask---tests.exit
 D tmp/agent-runs/20260709T051136Z-amplified-redesign/commands/20260709T051540Z-cargo-test--p-lkjagent-xtask---tests.out
 D tmp/agent-runs/20260709T051136Z-amplified-redesign/commands/20260709T051738Z-bash--lc-python--python3---export--f-python-BINcargo-run--p-lkjagent-app-bash-tm.exit
 D tmp/agent-runs/20260709T051136Z-amplified-redesign/commands/20260709T051738Z-bash--lc-python--python3---export--f-python-BINcargo-run--p-lkjagent-app-bash-tm.out
 D tmp/agent-runs/20260709T051136Z-amplified-redesign/commands/20260709T051756Z-cargo-run--p-lkjagent-xtask----experiment-protocol---all---out-dir-tmp-agent-run.exit
 D tmp/agent-runs/20260709T051136Z-amplified-redesign/commands/20260709T051756Z-cargo-run--p-lkjagent-xtask----experiment-protocol---all---out-dir-tmp-agent-run.out
 D tmp/agent-runs/20260709T051136Z-amplified-redesign/commands/20260709T051756Z-cargo-run--p-lkjagent-xtask----smoke-replay.exit
 D tmp/agent-runs/20260709T051136Z-amplified-redesign/commands/20260709T051756Z-cargo-run--p-lkjagent-xtask----smoke-replay.out
 D tmp/agent-runs/20260709T051136Z-amplified-redesign/commands/20260709T051756Z-python3-tmp-lkjagent-yolo-amplified-thinking-packet-20260708-11-scripts-sqlite_s.exit
 D tmp/agent-runs/20260709T051136Z-amplified-redesign/commands/20260709T051756Z-python3-tmp-lkjagent-yolo-amplified-thinking-packet-20260708-11-scripts-sqlite_s.out
 D tmp/agent-runs/20260709T051136Z-amplified-redesign/commands/20260709T051756Z-python3-tmp-lkjagent-yolo-amplified-thinking-packet-20260708-11-scripts-workspac.exit
 D tmp/agent-runs/20260709T051136Z-amplified-redesign/commands/20260709T051756Z-python3-tmp-lkjagent-yolo-amplified-thinking-packet-20260708-11-scripts-workspac.out
 D tmp/agent-runs/20260709T051136Z-amplified-redesign/commands/20260709T051808Z-cargo-run--p-lkjagent-xtask----proof-collect---data-tmp-agent-runs-20260709T0511.exit
 D tmp/agent-runs/20260709T051136Z-amplified-redesign/commands/20260709T051808Z-cargo-run--p-lkjagent-xtask----proof-collect---data-tmp-agent-runs-20260709T0511.out
 D tmp/agent-runs/20260709T051136Z-amplified-redesign/commands/20260709T051808Z-find-tmp-agent-runs-20260709T051136Z-amplified-redesign-evidence-probe-data-work.exit
 D tmp/agent-runs/20260709T051136Z-amplified-redesign/commands/20260709T051808Z-find-tmp-agent-runs-20260709T051136Z-amplified-redesign-evidence-probe-data-work.out
 D tmp/agent-runs/20260709T051136Z-amplified-redesign/commands/20260709T051827Z-bash--lc-printf--quitn--cargo-run--p-lkjagent-app------data-tmp-agent-runs-20260.exit
 D tmp/agent-runs/20260709T051136Z-amplified-redesign/commands/20260709T051827Z-bash--lc-printf--quitn--cargo-run--p-lkjagent-app------data-tmp-agent-runs-20260.out
 D tmp/agent-runs/20260709T051136Z-amplified-redesign/commands/20260709T051843Z-python3-tmp-lkjagent-yolo-amplified-thinking-packet-20260708-11-scripts-tui_log_.exit
 D tmp/agent-runs/20260709T051136Z-amplified-redesign/commands/20260709T051843Z-python3-tmp-lkjagent-yolo-amplified-thinking-packet-20260708-11-scripts-tui_log_.out
 D tmp/agent-runs/20260709T051136Z-amplified-redesign/commands/20260709T052506Z-cargo-fmt.exit
 D tmp/agent-runs/20260709T051136Z-amplified-redesign/commands/20260709T052506Z-cargo-fmt.out
 D tmp/agent-runs/20260709T051136Z-amplified-redesign/commands/20260709T052514Z-cargo-test--p-lkjagent-app---test-endpoint.exit
 D tmp/agent-runs/20260709T051136Z-amplified-redesign/commands/20260709T052514Z-cargo-test--p-lkjagent-app---test-endpoint.out
 D tmp/agent-runs/20260709T051136Z-amplified-redesign/commands/20260709T052514Z-cargo-test--p-lkjagent-xtask-endpoint_detection_uses_flat_config_only---lib.exit
 D tmp/agent-runs/20260709T051136Z-amplified-redesign/commands/20260709T052514Z-cargo-test--p-lkjagent-xtask-endpoint_detection_uses_flat_config_only---lib.out
 D tmp/agent-runs/20260709T051136Z-amplified-redesign/commands/20260709T052602Z-cargo-fmt.exit
 D tmp/agent-runs/20260709T051136Z-amplified-redesign/commands/20260709T052602Z-cargo-fmt.out
 D tmp/agent-runs/20260709T051136Z-amplified-redesign/commands/20260709T052608Z-cargo-test--p-lkjagent-app---test-endpoint.exit
 D tmp/agent-runs/20260709T051136Z-amplified-redesign/commands/20260709T052608Z-cargo-test--p-lkjagent-app---test-endpoint.out
 D tmp/agent-runs/20260709T051136Z-amplified-redesign/commands/20260709T052608Z-cargo-test--p-lkjagent-xtask-endpoint_detection_uses_flat_config_only---lib.exit
 D tmp/agent-runs/20260709T051136Z-amplified-redesign/commands/20260709T052608Z-cargo-test--p-lkjagent-xtask-endpoint_detection_uses_flat_config_only---lib.out
 D tmp/agent-runs/20260709T051136Z-amplified-redesign/commands/20260709T052622Z-cargo-run--p-lkjagent-xtask----check-docs.exit
 D tmp/agent-runs/20260709T051136Z-amplified-redesign/commands/20260709T052622Z-cargo-run--p-lkjagent-xtask----check-docs.out
 D tmp/agent-runs/20260709T051136Z-amplified-redesign/commands/20260709T052622Z-cargo-run--p-lkjagent-xtask----check-files.exit
 D tmp/agent-runs/20260709T051136Z-amplified-redesign/commands/20260709T052622Z-cargo-run--p-lkjagent-xtask----check-files.out
 D tmp/agent-runs/20260709T051136Z-amplified-redesign/commands/20260709T052622Z-cargo-run--p-lkjagent-xtask----check-lines.exit
 D tmp/agent-runs/20260709T051136Z-amplified-redesign/commands/20260709T052622Z-cargo-run--p-lkjagent-xtask----check-lines.out
 D tmp/agent-runs/20260709T051136Z-amplified-redesign/commands/20260709T052622Z-cargo-run--p-lkjagent-xtask----check-style.exit
 D tmp/agent-runs/20260709T051136Z-amplified-redesign/commands/20260709T052622Z-cargo-run--p-lkjagent-xtask----check-style.out
 D tmp/agent-runs/20260709T051136Z-amplified-redesign/commands/20260709T052629Z-cargo-run--p-lkjagent-xtask----quiet-verify.exit
 D tmp/agent-runs/20260709T051136Z-amplified-redesign/commands/20260709T052629Z-cargo-run--p-lkjagent-xtask----quiet-verify.out
 D tmp/agent-runs/20260709T051136Z-amplified-redesign/commands/20260709T052629Z-cargo-run--p-lkjagent-xtask----smoke-replay.exit
 D tmp/agent-runs/20260709T051136Z-amplified-redesign/commands/20260709T052629Z-cargo-run--p-lkjagent-xtask----smoke-replay.out
 D tmp/agent-runs/20260709T051136Z-amplified-redesign/commands/20260709T052648Z-cargo-fmt.exit
 D tmp/agent-runs/20260709T051136Z-amplified-redesign/commands/20260709T052648Z-cargo-fmt.out
 D tmp/agent-runs/20260709T051136Z-amplified-redesign/commands/20260709T052648Z-cargo-test--p-lkjagent-app---test-endpoint.exit
 D tmp/agent-runs/20260709T051136Z-amplified-redesign/commands/20260709T052648Z-cargo-test--p-lkjagent-app---test-endpoint.out
 D tmp/agent-runs/20260709T051136Z-amplified-redesign/commands/20260709T052659Z-cargo-run--p-lkjagent-xtask----quiet-verify.exit
 D tmp/agent-runs/20260709T051136Z-amplified-redesign/commands/20260709T052659Z-cargo-run--p-lkjagent-xtask----quiet-verify.out
 D tmp/agent-runs/20260709T051136Z-amplified-redesign/commands/20260709T052732Z-cargo-run--p-lkjagent-xtask----check-docs.exit
 D tmp/agent-runs/20260709T051136Z-amplified-redesign/commands/20260709T052732Z-cargo-run--p-lkjagent-xtask----check-docs.out
 D tmp/agent-runs/20260709T051136Z-amplified-redesign/commands/20260709T052732Z-cargo-run--p-lkjagent-xtask----check-files.exit
 D tmp/agent-runs/20260709T051136Z-amplified-redesign/commands/20260709T052732Z-cargo-run--p-lkjagent-xtask----check-files.out
 D tmp/agent-runs/20260709T051136Z-amplified-redesign/commands/20260709T052732Z-cargo-run--p-lkjagent-xtask----check-lines.exit
 D tmp/agent-runs/20260709T051136Z-amplified-redesign/commands/20260709T052732Z-cargo-run--p-lkjagent-xtask----check-lines.out
 D tmp/agent-runs/20260709T051136Z-amplified-redesign/commands/20260709T052732Z-cargo-run--p-lkjagent-xtask----check-style.exit
 D tmp/agent-runs/20260709T051136Z-amplified-redesign/commands/20260709T052732Z-cargo-run--p-lkjagent-xtask----check-style.out
 D tmp/agent-runs/20260709T051136Z-amplified-redesign/commands/20260709T052742Z-cargo-run--p-lkjagent-xtask----quiet-verify.exit
 D tmp/agent-runs/20260709T051136Z-amplified-redesign/commands/20260709T052742Z-cargo-run--p-lkjagent-xtask----quiet-verify.out
 D tmp/agent-runs/20260709T051136Z-amplified-redesign/commands/20260709T052742Z-cargo-run--p-lkjagent-xtask----smoke-replay.exit
 D tmp/agent-runs/20260709T051136Z-amplified-redesign/commands/20260709T052742Z-cargo-run--p-lkjagent-xtask----smoke-replay.out
 D tmp/agent-runs/20260709T051136Z-amplified-redesign/commands/20260709T052808Z-docker-compose-run---rm-verify.exit
 D tmp/agent-runs/20260709T051136Z-amplified-redesign/commands/20260709T052808Z-docker-compose-run---rm-verify.out
 D tmp/agent-runs/20260709T051136Z-amplified-redesign/commands/20260709T053135Z-bash--lc-DATAtmp-agent-runs-20260709T051136Z-amplified-redesign-evidence-daily-u.exit
 D tmp/agent-runs/20260709T051136Z-amplified-redesign/commands/20260709T053135Z-bash--lc-DATAtmp-agent-runs-20260709T051136Z-amplified-redesign-evidence-daily-u.out
 D tmp/agent-runs/20260709T051136Z-amplified-redesign/commands/20260709T053404Z-python3-tmp-lkjagent-yolo-amplified-thinking-packet-20260708-11-scripts-anti_sto.exit
 D tmp/agent-runs/20260709T051136Z-amplified-redesign/commands/20260709T053404Z-python3-tmp-lkjagent-yolo-amplified-thinking-packet-20260708-11-scripts-anti_sto.out
 D tmp/agent-runs/20260709T051136Z-amplified-redesign/commands/20260709T053514Z-python3-tmp-lkjagent-yolo-amplified-thinking-packet-20260708-11-scripts-anti_sto.exit
 D tmp/agent-runs/20260709T051136Z-amplified-redesign/commands/20260709T053514Z-python3-tmp-lkjagent-yolo-amplified-thinking-packet-20260708-11-scripts-anti_sto.out
 D tmp/agent-runs/20260709T051136Z-amplified-redesign/evidence/daily-use-data/workspace/README.md
 D tmp/agent-runs/20260709T051136Z-amplified-redesign/evidence/daily-use-data/workspace/artifacts/README.md
 D tmp/agent-runs/20260709T051136Z-amplified-redesign/evidence/daily-use-data/workspace/artifacts/proof/README.md
 D tmp/agent-runs/20260709T051136Z-amplified-redesign/evidence/daily-use-data/workspace/artifacts/transcripts/README.md
 D tmp/agent-runs/20260709T051136Z-amplified-redesign/evidence/daily-use-data/workspace/inbox/README.md
 D tmp/agent-runs/20260709T051136Z-amplified-redesign/evidence/daily-use-data/workspace/indexes/README.md
 D tmp/agent-runs/20260709T051136Z-amplified-redesign/evidence/daily-use-data/workspace/indexes/active-projects.md
 D tmp/agent-runs/20260709T051136Z-amplified-redesign/evidence/daily-use-data/workspace/indexes/agenda.md
 D tmp/agent-runs/20260709T051136Z-amplified-redesign/evidence/daily-use-data/workspace/indexes/experiments.md
 D tmp/agent-runs/20260709T051136Z-amplified-redesign/evidence/daily-use-data/workspace/indexes/open-todos.md
 D tmp/agent-runs/20260709T051136Z-amplified-redesign/evidence/daily-use-data/workspace/indexes/proof-runs.md
 D tmp/agent-runs/20260709T051136Z-amplified-redesign/evidence/daily-use-data/workspace/indexes/today.md
 D tmp/agent-runs/20260709T051136Z-amplified-redesign/evidence/daily-use-data/workspace/records/README.md
 D tmp/agent-runs/20260709T051136Z-amplified-redesign/evidence/daily-use-data/workspace/records/life/README.md
 D tmp/agent-runs/20260709T051136Z-amplified-redesign/evidence/daily-use-data/workspace/records/life/calendar/2026/07/09/README.md
 D tmp/agent-runs/20260709T051136Z-amplified-redesign/evidence/daily-use-data/workspace/records/life/calendar/2026/07/09/rec_20260709T053139Z_dentist-appointment-tomorrow-at-09-00.md
 D tmp/agent-runs/20260709T051136Z-amplified-redesign/evidence/daily-use-data/workspace/records/life/calendar/2026/07/README.md
 D tmp/agent-runs/20260709T051136Z-amplified-redesign/evidence/daily-use-data/workspace/records/life/calendar/2026/README.md
 D tmp/agent-runs/20260709T051136Z-amplified-redesign/evidence/daily-use-data/workspace/records/life/calendar/README.md
 D tmp/agent-runs/20260709T051136Z-amplified-redesign/evidence/daily-use-data/workspace/records/life/finance/2026/07/README.md
 D tmp/agent-runs/20260709T051136Z-amplified-redesign/evidence/daily-use-data/workspace/records/life/finance/2026/07/rec_20260709T053139Z_paid-42-dollars-for-workspace-supplies.md
 D tmp/agent-runs/20260709T051136Z-amplified-redesign/evidence/daily-use-data/workspace/records/life/finance/2026/README.md
 D tmp/agent-runs/20260709T051136Z-amplified-redesign/evidence/daily-use-data/workspace/records/life/finance/README.md
 D tmp/agent-runs/20260709T051136Z-amplified-redesign/evidence/daily-use-data/workspace/records/life/journal/2026/07/09/README.md
 D tmp/agent-runs/20260709T051136Z-amplified-redesign/evidence/daily-use-data/workspace/records/life/journal/2026/07/09/entry.md
 D tmp/agent-runs/20260709T051136Z-amplified-redesign/evidence/daily-use-data/workspace/records/life/journal/2026/07/README.md
 D tmp/agent-runs/20260709T051136Z-amplified-redesign/evidence/daily-use-data/workspace/records/life/journal/2026/README.md
 D tmp/agent-runs/20260709T051136Z-amplified-redesign/evidence/daily-use-data/workspace/records/life/journal/README.md
 D tmp/agent-runs/20260709T051136Z-amplified-redesign/evidence/daily-use-data/workspace/records/life/notes/README.md
 D tmp/agent-runs/20260709T051136Z-amplified-redesign/evidence/daily-use-data/workspace/records/life/notes/rec_20260709T053139Z_lkjagent-keeps-owner-readable-workspace-evidence.md
 D tmp/agent-runs/20260709T051136Z-amplified-redesign/evidence/daily-use-data/workspace/records/life/todo/README.md
 D tmp/agent-runs/20260709T051136Z-amplified-redesign/evidence/daily-use-data/workspace/records/life/todo/open/README.md
 D tmp/agent-runs/20260709T051136Z-amplified-redesign/evidence/daily-use-data/workspace/records/life/todo/open/rec_20260709T053139Z_renew-passport-before-travel.md
 D tmp/agent-runs/20260709T051136Z-amplified-redesign/evidence/daily-use-data/workspace/system/README.md
 D tmp/agent-runs/20260709T051136Z-amplified-redesign/evidence/daily-use-data/workspace/system/manifests/README.md
 D tmp/agent-runs/20260709T051136Z-amplified-redesign/evidence/probe-data/workspace/README.md
 D tmp/agent-runs/20260709T051136Z-amplified-redesign/evidence/probe-data/workspace/artifacts/README.md
 D tmp/agent-runs/20260709T051136Z-amplified-redesign/evidence/probe-data/workspace/artifacts/proof/README.md
 D tmp/agent-runs/20260709T051136Z-amplified-redesign/evidence/probe-data/workspace/artifacts/transcripts/README.md
 D tmp/agent-runs/20260709T051136Z-amplified-redesign/evidence/probe-data/workspace/artifacts/transcripts/queue-000001.md
 D tmp/agent-runs/20260709T051136Z-amplified-redesign/evidence/probe-data/workspace/artifacts/transcripts/queue-000002.md
 D tmp/agent-runs/20260709T051136Z-amplified-redesign/evidence/probe-data/workspace/artifacts/transcripts/queue-000003.md
 D tmp/agent-runs/20260709T051136Z-amplified-redesign/evidence/probe-data/workspace/inbox/README.md
 D tmp/agent-runs/20260709T051136Z-amplified-redesign/evidence/probe-data/workspace/indexes/README.md
 D tmp/agent-runs/20260709T051136Z-amplified-redesign/evidence/probe-data/workspace/indexes/active-projects.md
 D tmp/agent-runs/20260709T051136Z-amplified-redesign/evidence/probe-data/workspace/indexes/agenda.md
 D tmp/agent-runs/20260709T051136Z-amplified-redesign/evidence/probe-data/workspace/indexes/experiments.md
 D tmp/agent-runs/20260709T051136Z-amplified-redesign/evidence/probe-data/workspace/indexes/open-todos.md
 D tmp/agent-runs/20260709T051136Z-amplified-redesign/evidence/probe-data/workspace/indexes/proof-runs.md
 D tmp/agent-runs/20260709T051136Z-amplified-redesign/evidence/probe-data/workspace/indexes/today.md
 D tmp/agent-runs/20260709T051136Z-amplified-redesign/evidence/probe-data/workspace/records/README.md
 D tmp/agent-runs/20260709T051136Z-amplified-redesign/evidence/probe-data/workspace/records/life/README.md
 D tmp/agent-runs/20260709T051136Z-amplified-redesign/evidence/probe-data/workspace/records/life/todo/README.md
 D tmp/agent-runs/20260709T051136Z-amplified-redesign/evidence/probe-data/workspace/records/life/todo/open/README.md
 D tmp/agent-runs/20260709T051136Z-amplified-redesign/evidence/probe-data/workspace/records/life/todo/open/rec_20260709T051739Z_todo-renew-passport.md
 D tmp/agent-runs/20260709T051136Z-amplified-redesign/evidence/probe-data/workspace/system/README.md
 D tmp/agent-runs/20260709T051136Z-amplified-redesign/evidence/probe-data/workspace/system/manifests/README.md
 D tmp/agent-runs/20260709T051136Z-amplified-redesign/evidence/proof/admissions.md
 D tmp/agent-runs/20260709T051136Z-amplified-redesign/evidence/proof/artifacts.md
 D tmp/agent-runs/20260709T051136Z-amplified-redesign/evidence/proof/attempts.md
 D tmp/agent-runs/20260709T051136Z-amplified-redesign/evidence/proof/checks.md
 D tmp/agent-runs/20260709T051136Z-amplified-redesign/evidence/proof/context-edges.md
 D tmp/agent-runs/20260709T051136Z-amplified-redesign/evidence/proof/context.md
 D tmp/agent-runs/20260709T051136Z-amplified-redesign/evidence/proof/decisions.md
 D tmp/agent-runs/20260709T051136Z-amplified-redesign/evidence/proof/exchanges.md
 D tmp/agent-runs/20260709T051136Z-amplified-redesign/evidence/proof/observations.md
 D tmp/agent-runs/20260709T051136Z-amplified-redesign/evidence/proof/prompt-cards.md
 D tmp/agent-runs/20260709T051136Z-amplified-redesign/evidence/proof/prompt-frames.md
 D tmp/agent-runs/20260709T051136Z-amplified-redesign/evidence/proof/records.md
 D tmp/agent-runs/20260709T051136Z-amplified-redesign/evidence/proof/selector-candidates.md
 D tmp/agent-runs/20260709T051136Z-amplified-redesign/evidence/proof/state-vector.md
 D tmp/agent-runs/20260709T051136Z-amplified-redesign/evidence/proof/status.md
 D tmp/agent-runs/20260709T051136Z-amplified-redesign/evidence/proof/summary.md
 D tmp/agent-runs/20260709T051136Z-amplified-redesign/evidence/proof/token-usage.md
 D tmp/agent-runs/20260709T051136Z-amplified-redesign/evidence/proof/warnings.md
 D tmp/agent-runs/20260709T051136Z-amplified-redesign/evidence/proof/word-counts.md
 D tmp/agent-runs/20260709T051136Z-amplified-redesign/evidence/proof/workspace-tree.md
 D tmp/agent-runs/20260709T051136Z-amplified-redesign/evidence/protocol-experiments/adoption.md
 D tmp/agent-runs/20260709T051136Z-amplified-redesign/evidence/protocol-experiments/artifact-manifest.md
 D tmp/agent-runs/20260709T051136Z-amplified-redesign/evidence/protocol-experiments/baseline.md
 D tmp/agent-runs/20260709T051136Z-amplified-redesign/evidence/protocol-experiments/context-kernel.md
 D tmp/agent-runs/20260709T051136Z-amplified-redesign/evidence/protocol-experiments/personal-workspace.md
 D tmp/agent-runs/20260709T051136Z-amplified-redesign/evidence/protocol-experiments/protocol-safe.md
 D tmp/agent-runs/20260709T051136Z-amplified-redesign/evidence/protocol-experiments/protocol-stress.md
 D tmp/agent-runs/20260709T051136Z-amplified-redesign/evidence/protocol-experiments/software-project.md
 D tmp/agent-runs/20260709T051136Z-amplified-redesign/progress-ledger.md
 D tmp/agent-runs/20260709T051136Z-amplified-redesign/subagents/cleanup-editor.md
 D tmp/agent-runs/20260709T051136Z-amplified-redesign/subagents/config-engineer.md
 D tmp/agent-runs/20260709T051136Z-amplified-redesign/subagents/context-prompt-engineer.md
 D tmp/agent-runs/20260709T051136Z-amplified-redesign/subagents/docs-cartographer.md
 D tmp/agent-runs/20260709T051136Z-amplified-redesign/subagents/evaluation-engineer.md
 D tmp/agent-runs/20260709T051136Z-amplified-redesign/subagents/regression-sentinel.md
 D tmp/agent-runs/20260709T051136Z-amplified-redesign/subagents/state-harness-engineer.md
 D tmp/agent-runs/20260709T051136Z-amplified-redesign/subagents/tool-protocol-engineer.md
 D tmp/agent-runs/20260709T051136Z-amplified-redesign/subagents/tui-engineer.md
 D tmp/agent-runs/20260709T051136Z-amplified-redesign/subagents/workspace-filesystem-engineer.md
 D tmp/agent-runs/20260709T062335Z-reopen-tui/commands/20260709T065200Z-cargo-run--p-lkjagent-xtask----check-style.exit
 D tmp/agent-runs/20260709T062335Z-reopen-tui/commands/20260709T065200Z-cargo-run--p-lkjagent-xtask----check-style.out
 D tmp/agent-runs/20260709T062335Z-reopen-tui/commands/20260709T065200Z-cargo-test--p-lkjagent-app---test-tui_snapshot.exit
 D tmp/agent-runs/20260709T062335Z-reopen-tui/commands/20260709T065200Z-cargo-test--p-lkjagent-app---test-tui_snapshot.out
 D tmp/agent-runs/20260709T062335Z-reopen-tui/commands/20260709T065200Z-cargo-test--p-lkjagent-app-workbench_render.exit
 D tmp/agent-runs/20260709T062335Z-reopen-tui/commands/20260709T065200Z-cargo-test--p-lkjagent-app-workbench_render.out
 D tmp/agent-runs/20260709T062335Z-reopen-tui/commands/20260709T065300Z-cargo-run--p-lkjagent-xtask----check-docs.exit
 D tmp/agent-runs/20260709T062335Z-reopen-tui/commands/20260709T065300Z-cargo-run--p-lkjagent-xtask----check-docs.out
 D tmp/agent-runs/20260709T062335Z-reopen-tui/commands/20260709T065300Z-cargo-run--p-lkjagent-xtask----check-files.exit
 D tmp/agent-runs/20260709T062335Z-reopen-tui/commands/20260709T065300Z-cargo-run--p-lkjagent-xtask----check-files.out
 D tmp/agent-runs/20260709T062335Z-reopen-tui/commands/20260709T065300Z-cargo-run--p-lkjagent-xtask----check-lines.exit
 D tmp/agent-runs/20260709T062335Z-reopen-tui/commands/20260709T065300Z-cargo-run--p-lkjagent-xtask----check-lines.out
 D tmp/agent-runs/20260709T062335Z-reopen-tui/commands/20260709T065300Z-cargo-run--p-lkjagent-xtask----quiet-verify.exit
 D tmp/agent-runs/20260709T062335Z-reopen-tui/commands/20260709T065300Z-cargo-run--p-lkjagent-xtask----quiet-verify.out
 D tmp/agent-runs/20260709T062335Z-reopen-tui/commands/20260709T065300Z-cargo-run--p-lkjagent-xtask----smoke-replay.exit
 D tmp/agent-runs/20260709T062335Z-reopen-tui/commands/20260709T065300Z-cargo-run--p-lkjagent-xtask----smoke-replay.out
 D tmp/agent-runs/20260709T062335Z-reopen-tui/commands/20260709T065300Z-cargo-test--p-lkjagent-app---tests.exit
 D tmp/agent-runs/20260709T062335Z-reopen-tui/commands/20260709T065300Z-cargo-test--p-lkjagent-app---tests.out
 D tmp/agent-runs/20260709T062335Z-reopen-tui/commands/20260709T065500Z-docker-compose-run---rm-verify.exit
 D tmp/agent-runs/20260709T062335Z-reopen-tui/commands/20260709T065500Z-docker-compose-run---rm-verify.out
 D tmp/agent-runs/20260709T062335Z-reopen-tui/evidence/data-copy-workbench-pane-final.exit
 D tmp/agent-runs/20260709T062335Z-reopen-tui/evidence/data-copy-workbench-pane-final.out
 D tmp/agent-runs/20260709T062335Z-reopen-tui/evidence/data-copy-workbench-pane.exit
 D tmp/agent-runs/20260709T062335Z-reopen-tui/evidence/data-copy-workbench-pane.out
 D tmp/agent-runs/20260709T070000Z-finance-index/commands/20260709T070200Z-finance-cli-evidence.exit
 D tmp/agent-runs/20260709T070000Z-finance-index/commands/20260709T070200Z-finance-cli-evidence.out
 D tmp/agent-runs/20260709T070000Z-finance-index/commands/20260709T070500Z-cargo-test--p-lkjagent-app---test-diagnostics.exit
 D tmp/agent-runs/20260709T070000Z-finance-index/commands/20260709T070500Z-cargo-test--p-lkjagent-app---test-diagnostics.out
 D tmp/agent-runs/20260709T070000Z-finance-index/commands/20260709T070500Z-cargo-test--p-lkjagent-app---test-owner_turn_records.exit
 D tmp/agent-runs/20260709T070000Z-finance-index/commands/20260709T070500Z-cargo-test--p-lkjagent-app---test-owner_turn_records.out
 D tmp/agent-runs/20260709T070000Z-finance-index/commands/20260709T070500Z-cargo-test--p-lkjagent-app---test-record_wrappers.exit
 D tmp/agent-runs/20260709T070000Z-finance-index/commands/20260709T070500Z-cargo-test--p-lkjagent-app---test-record_wrappers.out
 D tmp/agent-runs/20260709T070000Z-finance-index/commands/20260709T070600Z-cargo-run--p-lkjagent-xtask----check-docs.exit
 D tmp/agent-runs/20260709T070000Z-finance-index/commands/20260709T070600Z-cargo-run--p-lkjagent-xtask----check-docs.out
 D tmp/agent-runs/20260709T070000Z-finance-index/commands/20260709T070600Z-cargo-run--p-lkjagent-xtask----check-files.exit
 D tmp/agent-runs/20260709T070000Z-finance-index/commands/20260709T070600Z-cargo-run--p-lkjagent-xtask----check-files.out
 D tmp/agent-runs/20260709T070000Z-finance-index/commands/20260709T070600Z-cargo-run--p-lkjagent-xtask----check-lines.exit
 D tmp/agent-runs/20260709T070000Z-finance-index/commands/20260709T070600Z-cargo-run--p-lkjagent-xtask----check-lines.out
 D tmp/agent-runs/20260709T070000Z-finance-index/commands/20260709T070600Z-cargo-run--p-lkjagent-xtask----check-style.exit
 D tmp/agent-runs/20260709T070000Z-finance-index/commands/20260709T070600Z-cargo-run--p-lkjagent-xtask----check-style.out
 D tmp/agent-runs/20260709T070000Z-finance-index/commands/20260709T070600Z-cargo-run--p-lkjagent-xtask----smoke-replay.exit
 D tmp/agent-runs/20260709T070000Z-finance-index/commands/20260709T070600Z-cargo-run--p-lkjagent-xtask----smoke-replay.out
 D tmp/agent-runs/20260709T070000Z-finance-index/commands/20260709T070600Z-cargo-test--p-lkjagent-app---tests.exit
 D tmp/agent-runs/20260709T070000Z-finance-index/commands/20260709T070600Z-cargo-test--p-lkjagent-app---tests.out
 D tmp/agent-runs/20260709T070000Z-finance-index/commands/20260709T070700Z-cargo-run--p-lkjagent-xtask----quiet-verify.exit
 D tmp/agent-runs/20260709T070000Z-finance-index/commands/20260709T070700Z-cargo-run--p-lkjagent-xtask----quiet-verify.out
 D tmp/agent-runs/20260709T070000Z-finance-index/commands/20260709T070700Z-docker-compose-run---rm-verify.exit
 D tmp/agent-runs/20260709T070000Z-finance-index/commands/20260709T070700Z-docker-compose-run---rm-verify.out
 D tmp/agent-runs/20260709T070000Z-finance-index/commands/20260709T071000Z-ledger-check-docs.exit
 D tmp/agent-runs/20260709T070000Z-finance-index/commands/20260709T071000Z-ledger-check-docs.out
 D tmp/agent-runs/20260709T070000Z-finance-index/commands/20260709T071000Z-ledger-check-lines.exit
 D tmp/agent-runs/20260709T070000Z-finance-index/commands/20260709T071000Z-ledger-check-lines.out
 D tmp/agent-runs/20260709T070000Z-finance-index/evidence/budget-month.md
 D tmp/agent-runs/20260709T071500Z-record-size/commands/20260709T072300Z-cargo-test--p-lkjagent-app---test-record_wrappers.exit
 D tmp/agent-runs/20260709T071500Z-record-size/commands/20260709T072300Z-cargo-test--p-lkjagent-app---test-record_wrappers.out
 D tmp/agent-runs/20260709T071500Z-record-size/commands/20260709T072400Z-large-record-cli-evidence.exit
 D tmp/agent-runs/20260709T071500Z-record-size/commands/20260709T072400Z-large-record-cli-evidence.out
 D tmp/agent-runs/20260709T071500Z-record-size/commands/20260709T072500Z-cargo-run--p-lkjagent-xtask----check-docs.exit
 D tmp/agent-runs/20260709T071500Z-record-size/commands/20260709T072500Z-cargo-run--p-lkjagent-xtask----check-docs.out
 D tmp/agent-runs/20260709T071500Z-record-size/commands/20260709T072500Z-cargo-run--p-lkjagent-xtask----check-files.exit
 D tmp/agent-runs/20260709T071500Z-record-size/commands/20260709T072500Z-cargo-run--p-lkjagent-xtask----check-files.out
 D tmp/agent-runs/20260709T071500Z-record-size/commands/20260709T072500Z-cargo-run--p-lkjagent-xtask----check-lines.exit
 D tmp/agent-runs/20260709T071500Z-record-size/commands/20260709T072500Z-cargo-run--p-lkjagent-xtask----check-lines.out
 D tmp/agent-runs/20260709T071500Z-record-size/commands/20260709T072500Z-cargo-run--p-lkjagent-xtask----check-style.exit
 D tmp/agent-runs/20260709T071500Z-record-size/commands/20260709T072500Z-cargo-run--p-lkjagent-xtask----check-style.out
 D tmp/agent-runs/20260709T071500Z-record-size/commands/20260709T072500Z-cargo-run--p-lkjagent-xtask----smoke-replay.exit
 D tmp/agent-runs/20260709T071500Z-record-size/commands/20260709T072500Z-cargo-run--p-lkjagent-xtask----smoke-replay.out
 D tmp/agent-runs/20260709T071500Z-record-size/commands/20260709T072500Z-cargo-test--p-lkjagent-app---tests.exit
 D tmp/agent-runs/20260709T071500Z-record-size/commands/20260709T072500Z-cargo-test--p-lkjagent-app---tests.out
 D tmp/agent-runs/20260709T071500Z-record-size/commands/20260709T073000Z-cargo-run--p-lkjagent-xtask----quiet-verify.exit
 D tmp/agent-runs/20260709T071500Z-record-size/commands/20260709T073000Z-cargo-run--p-lkjagent-xtask----quiet-verify.out
 D tmp/agent-runs/20260709T071500Z-record-size/commands/20260709T073100Z-docker-compose-run--rm-verify.exit
 D tmp/agent-runs/20260709T071500Z-record-size/commands/20260709T073100Z-docker-compose-run--rm-verify.out
 D tmp/agent-runs/20260709T071500Z-record-size/evidence/main-record.md
 D tmp/agent-runs/20260709T071500Z-record-size/evidence/part-001.md
 D tmp/agent-runs/20260709T074000Z-ledger-correction/commands/20260709T074000Z-cargo-run--p-lkjagent-xtask----check-docs.exit
 D tmp/agent-runs/20260709T074000Z-ledger-correction/commands/20260709T074000Z-cargo-run--p-lkjagent-xtask----check-docs.out
 D tmp/agent-runs/20260709T074000Z-ledger-correction/commands/20260709T074100Z-cargo-run--p-lkjagent-xtask----check-lines.exit
 D tmp/agent-runs/20260709T074000Z-ledger-correction/commands/20260709T074100Z-cargo-run--p-lkjagent-xtask----check-lines.out
 D tmp/agent-runs/20260709T075000Z-rebalance-safety/commands/20260709T075000Z-cargo-test--p-lkjagent-app---test-workspace_rebalance.exit
 D tmp/agent-runs/20260709T075000Z-rebalance-safety/commands/20260709T075000Z-cargo-test--p-lkjagent-app---test-workspace_rebalance.out
 D tmp/agent-runs/20260709T075000Z-rebalance-safety/commands/20260709T075200Z-rebalance-cli-evidence.exit
 D tmp/agent-runs/20260709T075000Z-rebalance-safety/commands/20260709T075200Z-rebalance-cli-evidence.out
 D tmp/agent-runs/20260709T075000Z-rebalance-safety/commands/20260709T075300Z-cargo-test--p-lkjagent-app---tests.exit
 D tmp/agent-runs/20260709T075000Z-rebalance-safety/commands/20260709T075300Z-cargo-test--p-lkjagent-app---tests.out
 D tmp/agent-runs/20260709T075000Z-rebalance-safety/commands/20260709T075400Z-cargo-run--p-lkjagent-xtask----check-docs.exit
 D tmp/agent-runs/20260709T075000Z-rebalance-safety/commands/20260709T075400Z-cargo-run--p-lkjagent-xtask----check-docs.out
 D tmp/agent-runs/20260709T075000Z-rebalance-safety/commands/20260709T075400Z-cargo-run--p-lkjagent-xtask----check-files.exit
 D tmp/agent-runs/20260709T075000Z-rebalance-safety/commands/20260709T075400Z-cargo-run--p-lkjagent-xtask----check-files.out
 D tmp/agent-runs/20260709T075000Z-rebalance-safety/commands/20260709T075400Z-cargo-run--p-lkjagent-xtask----check-lines.exit
 D tmp/agent-runs/20260709T075000Z-rebalance-safety/commands/20260709T075400Z-cargo-run--p-lkjagent-xtask----check-lines.out
 D tmp/agent-runs/20260709T075000Z-rebalance-safety/commands/20260709T075400Z-cargo-run--p-lkjagent-xtask----check-style.exit
 D tmp/agent-runs/20260709T075000Z-rebalance-safety/commands/20260709T075400Z-cargo-run--p-lkjagent-xtask----check-style.out
 D tmp/agent-runs/20260709T075000Z-rebalance-safety/commands/20260709T075400Z-cargo-run--p-lkjagent-xtask----smoke-replay.exit
 D tmp/agent-runs/20260709T075000Z-rebalance-safety/commands/20260709T075400Z-cargo-run--p-lkjagent-xtask----smoke-replay.out
 D tmp/agent-runs/20260709T075000Z-rebalance-safety/commands/20260709T075500Z-cargo-run--p-lkjagent-xtask----quiet-verify.exit
 D tmp/agent-runs/20260709T075000Z-rebalance-safety/commands/20260709T075500Z-cargo-run--p-lkjagent-xtask----quiet-verify.out
 D tmp/agent-runs/20260709T075000Z-rebalance-safety/commands/20260709T075600Z-docker-compose-run--rm-verify.exit
 D tmp/agent-runs/20260709T075000Z-rebalance-safety/commands/20260709T075600Z-docker-compose-run--rm-verify.out
 D tmp/agent-runs/20260709T075000Z-rebalance-safety/evidence/repaired-link-record.md
 D tmp/agent-runs/20260709T080000Z-ledger-rebalance/commands/20260709T080000Z-cargo-run--p-lkjagent-xtask----check-docs.exit
 D tmp/agent-runs/20260709T080000Z-ledger-rebalance/commands/20260709T080000Z-cargo-run--p-lkjagent-xtask----check-docs.out
 D tmp/agent-runs/20260709T080000Z-ledger-rebalance/commands/20260709T080100Z-cargo-run--p-lkjagent-xtask----check-lines.exit
 D tmp/agent-runs/20260709T080000Z-ledger-rebalance/commands/20260709T080100Z-cargo-run--p-lkjagent-xtask----check-lines.out
 D tmp/agent-runs/20260709T081000Z-tool-admission-policy/commands/20260709T081000Z-cargo-test--p-lkjagent-core---test-prompt_kernel.exit
 D tmp/agent-runs/20260709T081000Z-tool-admission-policy/commands/20260709T081000Z-cargo-test--p-lkjagent-core---test-prompt_kernel.out
 D tmp/agent-runs/20260709T081000Z-tool-admission-policy/commands/20260709T081300Z-cargo-test--p-lkjagent-app---test-admission_rejection.exit
 D tmp/agent-runs/20260709T081000Z-tool-admission-policy/commands/20260709T081300Z-cargo-test--p-lkjagent-app---test-admission_rejection.out
 D tmp/agent-runs/20260709T081000Z-tool-admission-policy/commands/20260709T081400Z-cargo-test--p-lkjagent-core---tests.exit
 D tmp/agent-runs/20260709T081000Z-tool-admission-policy/commands/20260709T081400Z-cargo-test--p-lkjagent-core---tests.out
 D tmp/agent-runs/20260709T081000Z-tool-admission-policy/commands/20260709T081600Z-cargo-run--p-lkjagent-xtask----check-docs.exit
 D tmp/agent-runs/20260709T081000Z-tool-admission-policy/commands/20260709T081600Z-cargo-run--p-lkjagent-xtask----check-docs.out
 D tmp/agent-runs/20260709T081000Z-tool-admission-policy/commands/20260709T081600Z-cargo-run--p-lkjagent-xtask----smoke-replay.exit
 D tmp/agent-runs/20260709T081000Z-tool-admission-policy/commands/20260709T081600Z-cargo-run--p-lkjagent-xtask----smoke-replay.out
 D tmp/agent-runs/20260709T081000Z-tool-admission-policy/commands/20260709T081800Z-cargo-test--p-lkjagent-app-admission_bridge-repeat_guard.exit
 D tmp/agent-runs/20260709T081000Z-tool-admission-policy/commands/20260709T081800Z-cargo-test--p-lkjagent-app-admission_bridge-repeat_guard.out
 D tmp/agent-runs/20260709T081000Z-tool-admission-policy/commands/20260709T081900Z-cargo-run--p-lkjagent-xtask----quiet-verify.exit
 D tmp/agent-runs/20260709T081000Z-tool-admission-policy/commands/20260709T081900Z-cargo-run--p-lkjagent-xtask----quiet-verify.out
 D tmp/agent-runs/20260709T081000Z-tool-admission-policy/commands/20260709T082000Z-cargo-test--p-lkjagent-app---tests.exit
 D tmp/agent-runs/20260709T081000Z-tool-admission-policy/commands/20260709T082000Z-cargo-test--p-lkjagent-app---tests.out
 D tmp/agent-runs/20260709T081000Z-tool-admission-policy/commands/20260709T082100Z-cargo-run--p-lkjagent-xtask----check-files.exit
 D tmp/agent-runs/20260709T081000Z-tool-admission-policy/commands/20260709T082100Z-cargo-run--p-lkjagent-xtask----check-files.out
 D tmp/agent-runs/20260709T081000Z-tool-admission-policy/commands/20260709T082100Z-cargo-run--p-lkjagent-xtask----check-lines.exit
 D tmp/agent-runs/20260709T081000Z-tool-admission-policy/commands/20260709T082100Z-cargo-run--p-lkjagent-xtask----check-lines.out
 D tmp/agent-runs/20260709T081000Z-tool-admission-policy/commands/20260709T082100Z-cargo-run--p-lkjagent-xtask----check-style.exit
 D tmp/agent-runs/20260709T081000Z-tool-admission-policy/commands/20260709T082100Z-cargo-run--p-lkjagent-xtask----check-style.out
 D tmp/agent-runs/20260709T081000Z-tool-admission-policy/commands/20260709T082200Z-docker-compose-run--rm-verify.exit
 D tmp/agent-runs/20260709T081000Z-tool-admission-policy/commands/20260709T082200Z-docker-compose-run--rm-verify.out
 D tmp/agent-runs/20260709T083000Z-ledger-tool/commands/20260709T083000Z-cargo-run--p-lkjagent-xtask----check-docs.exit
 D tmp/agent-runs/20260709T083000Z-ledger-tool/commands/20260709T083000Z-cargo-run--p-lkjagent-xtask----check-docs.out
 D tmp/agent-runs/20260709T083000Z-ledger-tool/commands/20260709T083100Z-cargo-run--p-lkjagent-xtask----check-lines.exit
 D tmp/agent-runs/20260709T083000Z-ledger-tool/commands/20260709T083100Z-cargo-run--p-lkjagent-xtask----check-lines.out
 D tmp/agent-runs/20260709T084000Z-context-contract/commands/20260709T084000Z-cargo-test--p-lkjagent-core---test-context_completion.exit
 D tmp/agent-runs/20260709T084000Z-context-contract/commands/20260709T084000Z-cargo-test--p-lkjagent-core---test-context_completion.out
 D tmp/agent-runs/20260709T084000Z-context-contract/commands/20260709T084100Z-cargo-test--p-lkjagent-core---test-prompt_kernel.exit
 D tmp/agent-runs/20260709T084000Z-context-contract/commands/20260709T084100Z-cargo-test--p-lkjagent-core---test-prompt_kernel.out
 D tmp/agent-runs/20260709T084000Z-context-contract/commands/20260709T084200Z-cargo-test--p-lkjagent-app---test-context_items.exit
 D tmp/agent-runs/20260709T084000Z-context-contract/commands/20260709T084200Z-cargo-test--p-lkjagent-app---test-context_items.out
 D tmp/agent-runs/20260709T084000Z-context-contract/commands/20260709T084300Z-cargo-test--p-lkjagent-core---tests.exit
 D tmp/agent-runs/20260709T084000Z-context-contract/commands/20260709T084300Z-cargo-test--p-lkjagent-core---tests.out
 D tmp/agent-runs/20260709T084000Z-context-contract/commands/20260709T084400Z-cargo-test--p-lkjagent-app---tests.exit
 D tmp/agent-runs/20260709T084000Z-context-contract/commands/20260709T084400Z-cargo-test--p-lkjagent-app---tests.out
 D tmp/agent-runs/20260709T084000Z-context-contract/commands/20260709T084500Z-cargo-run--p-lkjagent-xtask--check-docs.exit
 D tmp/agent-runs/20260709T084000Z-context-contract/commands/20260709T084500Z-cargo-run--p-lkjagent-xtask--check-docs.out
 D tmp/agent-runs/20260709T084000Z-context-contract/commands/20260709T084500Z-cargo-run--p-lkjagent-xtask--check-files.exit
 D tmp/agent-runs/20260709T084000Z-context-contract/commands/20260709T084500Z-cargo-run--p-lkjagent-xtask--check-files.out
 D tmp/agent-runs/20260709T084000Z-context-contract/commands/20260709T084500Z-cargo-run--p-lkjagent-xtask--check-lines.exit
 D tmp/agent-runs/20260709T084000Z-context-contract/commands/20260709T084500Z-cargo-run--p-lkjagent-xtask--check-lines.out
 D tmp/agent-runs/20260709T084000Z-context-contract/commands/20260709T084500Z-cargo-run--p-lkjagent-xtask--check-style.exit
 D tmp/agent-runs/20260709T084000Z-context-contract/commands/20260709T084500Z-cargo-run--p-lkjagent-xtask--check-style.out
 D tmp/agent-runs/20260709T084000Z-context-contract/commands/20260709T084600Z-cargo-run--p-lkjagent-xtask--quiet-verify.exit
 D tmp/agent-runs/20260709T084000Z-context-contract/commands/20260709T084600Z-cargo-run--p-lkjagent-xtask--quiet-verify.out
 D tmp/agent-runs/20260709T084000Z-context-contract/commands/20260709T084600Z-cargo-run--p-lkjagent-xtask--smoke-replay.exit
 D tmp/agent-runs/20260709T084000Z-context-contract/commands/20260709T084600Z-cargo-run--p-lkjagent-xtask--smoke-replay.out
 D tmp/agent-runs/20260709T084000Z-context-contract/commands/20260709T084700Z-docker-compose-run--rm-verify.exit
 D tmp/agent-runs/20260709T084000Z-context-contract/commands/20260709T084700Z-docker-compose-run--rm-verify.out
 D tmp/agent-runs/20260709T085500Z-ledger-context/commands/20260709T085500Z-cargo-run--p-lkjagent-xtask--check-docs.exit
 D tmp/agent-runs/20260709T085500Z-ledger-context/commands/20260709T085500Z-cargo-run--p-lkjagent-xtask--check-docs.out
 D tmp/agent-runs/20260709T085500Z-ledger-context/commands/20260709T085500Z-cargo-run--p-lkjagent-xtask--check-lines.exit
 D tmp/agent-runs/20260709T085500Z-ledger-context/commands/20260709T085500Z-cargo-run--p-lkjagent-xtask--check-lines.out
 D tmp/agent-runs/20260709T091000Z-artifact-size/commands/20260709T091400Z-cargo-test--p-lkjagent-app--test-artifact_size.exit
 D tmp/agent-runs/20260709T091000Z-artifact-size/commands/20260709T091400Z-cargo-test--p-lkjagent-app--test-artifact_size.out
 D tmp/agent-runs/20260709T091000Z-artifact-size/commands/20260709T091400Z-cargo-test--p-lkjagent-app--test-journal_artifact.exit
 D tmp/agent-runs/20260709T091000Z-artifact-size/commands/20260709T091400Z-cargo-test--p-lkjagent-app--test-journal_artifact.out
 D tmp/agent-runs/20260709T091000Z-artifact-size/commands/20260709T091400Z-cargo-test--p-lkjagent-app--test-queue_routing.exit
 D tmp/agent-runs/20260709T091000Z-artifact-size/commands/20260709T091400Z-cargo-test--p-lkjagent-app--test-queue_routing.out
 D tmp/agent-runs/20260709T091000Z-artifact-size/commands/20260709T091500Z-cargo-test--p-lkjagent-app---tests.exit
 D tmp/agent-runs/20260709T091000Z-artifact-size/commands/20260709T091500Z-cargo-test--p-lkjagent-app---tests.out
 D tmp/agent-runs/20260709T091000Z-artifact-size/commands/20260709T091600Z-cargo-run--p-lkjagent-xtask--check-docs.exit
 D tmp/agent-runs/20260709T091000Z-artifact-size/commands/20260709T091600Z-cargo-run--p-lkjagent-xtask--check-docs.out
 D tmp/agent-runs/20260709T091000Z-artifact-size/commands/20260709T091600Z-cargo-run--p-lkjagent-xtask--check-files.exit
 D tmp/agent-runs/20260709T091000Z-artifact-size/commands/20260709T091600Z-cargo-run--p-lkjagent-xtask--check-files.out
 D tmp/agent-runs/20260709T091000Z-artifact-size/commands/20260709T091600Z-cargo-run--p-lkjagent-xtask--check-lines.exit
 D tmp/agent-runs/20260709T091000Z-artifact-size/commands/20260709T091600Z-cargo-run--p-lkjagent-xtask--check-lines.out
 D tmp/agent-runs/20260709T091000Z-artifact-size/commands/20260709T091600Z-cargo-run--p-lkjagent-xtask--check-style.exit
 D tmp/agent-runs/20260709T091000Z-artifact-size/commands/20260709T091600Z-cargo-run--p-lkjagent-xtask--check-style.out
 D tmp/agent-runs/20260709T091000Z-artifact-size/commands/20260709T091700Z-cargo-run--p-lkjagent-xtask--quiet-verify.exit
 D tmp/agent-runs/20260709T091000Z-artifact-size/commands/20260709T091700Z-cargo-run--p-lkjagent-xtask--quiet-verify.out
 D tmp/agent-runs/20260709T091000Z-artifact-size/commands/20260709T091700Z-cargo-run--p-lkjagent-xtask--smoke-replay.exit
 D tmp/agent-runs/20260709T091000Z-artifact-size/commands/20260709T091700Z-cargo-run--p-lkjagent-xtask--smoke-replay.out
 D tmp/agent-runs/20260709T091000Z-artifact-size/commands/20260709T091800Z-docker-compose-run--rm-verify.exit
 D tmp/agent-runs/20260709T091000Z-artifact-size/commands/20260709T091800Z-docker-compose-run--rm-verify.out
 D tmp/agent-runs/20260709T092000Z-ledger-artifact/commands/20260709T092000Z-cargo-run--p-lkjagent-xtask--check-docs.exit
 D tmp/agent-runs/20260709T092000Z-ledger-artifact/commands/20260709T092000Z-cargo-run--p-lkjagent-xtask--check-docs.out
 D tmp/agent-runs/20260709T092000Z-ledger-artifact/commands/20260709T092000Z-cargo-run--p-lkjagent-xtask--check-lines.exit
 D tmp/agent-runs/20260709T092000Z-ledger-artifact/commands/20260709T092000Z-cargo-run--p-lkjagent-xtask--check-lines.out
 D tmp/agent-runs/20260709T092500Z-rebalance-transaction/commands/20260709T092700Z-cargo-test--p-lkjagent-app--test-workspace_rebalance.exit
 D tmp/agent-runs/20260709T092500Z-rebalance-transaction/commands/20260709T092700Z-cargo-test--p-lkjagent-app--test-workspace_rebalance.out
 D tmp/agent-runs/20260709T092500Z-rebalance-transaction/commands/20260709T092700Z-cargo-test--p-lkjagent-store--test-workspace_rows.exit
 D tmp/agent-runs/20260709T092500Z-rebalance-transaction/commands/20260709T092700Z-cargo-test--p-lkjagent-store--test-workspace_rows.out
 D tmp/agent-runs/20260709T092500Z-rebalance-transaction/commands/20260709T092800Z-cargo-test--p-lkjagent-app--tests.exit
 D tmp/agent-runs/20260709T092500Z-rebalance-transaction/commands/20260709T092800Z-cargo-test--p-lkjagent-app--tests.out
 D tmp/agent-runs/20260709T092500Z-rebalance-transaction/commands/20260709T092800Z-cargo-test--p-lkjagent-store--tests.exit
 D tmp/agent-runs/20260709T092500Z-rebalance-transaction/commands/20260709T092800Z-cargo-test--p-lkjagent-store--tests.out
 D tmp/agent-runs/20260709T092500Z-rebalance-transaction/commands/20260709T092900Z-cargo-run--p-lkjagent-xtask--check-docs.exit
 D tmp/agent-runs/20260709T092500Z-rebalance-transaction/commands/20260709T092900Z-cargo-run--p-lkjagent-xtask--check-docs.out
 D tmp/agent-runs/20260709T092500Z-rebalance-transaction/commands/20260709T092900Z-cargo-run--p-lkjagent-xtask--check-files.exit
 D tmp/agent-runs/20260709T092500Z-rebalance-transaction/commands/20260709T092900Z-cargo-run--p-lkjagent-xtask--check-files.out
 D tmp/agent-runs/20260709T092500Z-rebalance-transaction/commands/20260709T092900Z-cargo-run--p-lkjagent-xtask--check-lines.exit
 D tmp/agent-runs/20260709T092500Z-rebalance-transaction/commands/20260709T092900Z-cargo-run--p-lkjagent-xtask--check-lines.out
 D tmp/agent-runs/20260709T092500Z-rebalance-transaction/commands/20260709T092900Z-cargo-run--p-lkjagent-xtask--check-style.exit
 D tmp/agent-runs/20260709T092500Z-rebalance-transaction/commands/20260709T092900Z-cargo-run--p-lkjagent-xtask--check-style.out
 D tmp/agent-runs/20260709T092500Z-rebalance-transaction/commands/20260709T093000Z-cargo-run--p-lkjagent-xtask--quiet-verify.exit
 D tmp/agent-runs/20260709T092500Z-rebalance-transaction/commands/20260709T093000Z-cargo-run--p-lkjagent-xtask--quiet-verify.out
 D tmp/agent-runs/20260709T092500Z-rebalance-transaction/commands/20260709T093000Z-cargo-run--p-lkjagent-xtask--smoke-replay.exit
 D tmp/agent-runs/20260709T092500Z-rebalance-transaction/commands/20260709T093000Z-cargo-run--p-lkjagent-xtask--smoke-replay.out
 D tmp/agent-runs/20260709T092500Z-rebalance-transaction/commands/20260709T093100Z-docker-compose-run--rm-verify.exit
 D tmp/agent-runs/20260709T092500Z-rebalance-transaction/commands/20260709T093100Z-docker-compose-run--rm-verify.out
 D tmp/agent-runs/20260709T093500Z-ledger-rebalance/commands/20260709T093500Z-cargo-run--p-lkjagent-xtask--check-docs.exit
 D tmp/agent-runs/20260709T093500Z-ledger-rebalance/commands/20260709T093500Z-cargo-run--p-lkjagent-xtask--check-docs.out
 D tmp/agent-runs/20260709T093500Z-ledger-rebalance/commands/20260709T093500Z-cargo-run--p-lkjagent-xtask--check-lines.exit
 D tmp/agent-runs/20260709T093500Z-ledger-rebalance/commands/20260709T093500Z-cargo-run--p-lkjagent-xtask--check-lines.out
 D tmp/agent-runs/20260709T094000Z-tool-budget-mismatch/commands/094000-cargo-fmt-check.log
 D tmp/agent-runs/20260709T094000Z-tool-budget-mismatch/commands/094100-core-runtime-selector.log
 D tmp/agent-runs/20260709T094000Z-tool-budget-mismatch/commands/094200-core-admission.log
 D tmp/agent-runs/20260709T094000Z-tool-budget-mismatch/commands/094300-app-admission-bridge.log
 D tmp/agent-runs/20260709T094000Z-tool-budget-mismatch/commands/094400-app-admission-rejection.log
 D tmp/agent-runs/20260709T094000Z-tool-budget-mismatch/commands/094600-cargo-fmt-check.log
 D tmp/agent-runs/20260709T094000Z-tool-budget-mismatch/commands/094700-core-tests.log
 D tmp/agent-runs/20260709T094000Z-tool-budget-mismatch/commands/094800-app-tests.log
 D tmp/agent-runs/20260709T094000Z-tool-budget-mismatch/commands/094900-check-docs.log
 D tmp/agent-runs/20260709T094000Z-tool-budget-mismatch/commands/095000-check-lines.log
 D tmp/agent-runs/20260709T094000Z-tool-budget-mismatch/commands/095100-check-files.log
 D tmp/agent-runs/20260709T094000Z-tool-budget-mismatch/commands/095200-check-style.log
 D tmp/agent-runs/20260709T094000Z-tool-budget-mismatch/commands/095300-smoke-replay.log
 D tmp/agent-runs/20260709T094000Z-tool-budget-mismatch/commands/095400-quiet-verify.log
 D tmp/agent-runs/20260709T094000Z-tool-budget-mismatch/commands/095500-docker-compose-verify.log
 D tmp/agent-runs/20260709T100000Z-ledger-tool-admission/commands/100000-ledger-line-counts.log
 D tmp/agent-runs/20260709T100000Z-ledger-tool-admission/commands/100100-check-docs.log
 D tmp/agent-runs/20260709T100000Z-ledger-tool-admission/commands/100200-check-lines.log
 D tmp/agent-runs/20260709T101500Z-tui-session-shadow/commands/101500-cargo-fmt-check.log
 D tmp/agent-runs/20260709T101500Z-tui-session-shadow/commands/101600-tui-transcript-identity.log
 D tmp/agent-runs/20260709T101500Z-tui-session-shadow/commands/101700-tui-snapshot.log
 D tmp/agent-runs/20260709T101500Z-tui-session-shadow/commands/101800-tui-state.log
 D tmp/agent-runs/20260709T101500Z-tui-session-shadow/commands/101900-workbench-viewport.log
 D tmp/agent-runs/20260709T101500Z-tui-session-shadow/commands/102000-app-tests.log
 D tmp/agent-runs/20260709T101500Z-tui-session-shadow/commands/102100-check-docs.log
 D tmp/agent-runs/20260709T101500Z-tui-session-shadow/commands/102200-check-lines.log
 D tmp/agent-runs/20260709T101500Z-tui-session-shadow/commands/102300-check-files.log
 D tmp/agent-runs/20260709T101500Z-tui-session-shadow/commands/102400-check-style.log
 D tmp/agent-runs/20260709T101500Z-tui-session-shadow/commands/102500-smoke-replay.log
 D tmp/agent-runs/20260709T101500Z-tui-session-shadow/commands/102600-quiet-verify.log
 D tmp/agent-runs/20260709T101500Z-tui-session-shadow/commands/102700-docker-compose-verify.log
 D tmp/agent-runs/20260709T101500Z-tui-session-shadow/commands/102800-check-docs-final.log
 D tmp/agent-runs/20260709T101500Z-tui-session-shadow/commands/102900-check-lines-final.log
 D tmp/agent-runs/20260709T101500Z-tui-session-shadow/commands/103000-check-files-final.log
 D tmp/agent-runs/20260709T101500Z-tui-session-shadow/commands/103100-check-style-final.log
 D tmp/agent-runs/20260709T101500Z-tui-session-shadow/commands/103200-smoke-replay-final.log
 D tmp/agent-runs/20260709T101500Z-tui-session-shadow/commands/103300-quiet-verify-final.log
 D tmp/agent-runs/20260709T101500Z-tui-session-shadow/commands/103400-docker-compose-verify-final.log
 D tmp/agent-runs/20260709T104000Z-ledger-final-rows/commands/104000-ledger-line-counts.log
 D tmp/agent-runs/20260709T104000Z-ledger-final-rows/commands/104100-ledger-open-scan.log
 D tmp/agent-runs/20260709T104000Z-ledger-final-rows/commands/104200-check-docs.log
 D tmp/agent-runs/20260709T104000Z-ledger-final-rows/commands/104300-check-lines.log
 D tmp/agent-runs/20260709T104500Z-final-dod/commands/104500-final-line-counts.log
 D tmp/agent-runs/20260709T104500Z-final-dod/commands/104600-final-open-scan.log
 D tmp/agent-runs/20260709T104500Z-final-dod/commands/104700-check-docs.log
 D tmp/agent-runs/20260709T104500Z-final-dod/commands/104800-check-lines.log
 D tmp/agent-runs/20260709T104500Z-final-dod/commands/104900-check-files.log
 D tmp/agent-runs/20260709T104500Z-final-dod/commands/105000-check-style.log
 D tmp/agent-runs/20260709T105500Z-final-dod-hash/commands/105500-final-hash-line-counts.log
 D tmp/agent-runs/20260709T105500Z-final-dod-hash/commands/105600-final-open-scan.log
 D tmp/agent-runs/20260709T105500Z-final-dod-hash/commands/105700-check-docs.log
 D tmp/agent-runs/20260709T105500Z-final-dod-hash/commands/105800-check-lines.log
 D tmp/coding-agent-runs/20260708T183000Z-workspace-runtime-redesign/acceptance.md
 D tmp/coding-agent-runs/20260708T183000Z-workspace-runtime-redesign/baseline-reading.md
 D tmp/coding-agent-runs/20260708T183000Z-workspace-runtime-redesign/baseline.md
 D tmp/coding-agent-runs/20260708T183000Z-workspace-runtime-redesign/collect-baseline.out
 D tmp/coding-agent-runs/20260708T183000Z-workspace-runtime-redesign/environment.md
 D tmp/coding-agent-runs/20260708T183000Z-workspace-runtime-redesign/final/check-docs.err
 D tmp/coding-agent-runs/20260708T183000Z-workspace-runtime-redesign/final/check-docs.out
 D tmp/coding-agent-runs/20260708T183000Z-workspace-runtime-redesign/final/docker-compose-config.err
 D tmp/coding-agent-runs/20260708T183000Z-workspace-runtime-redesign/final/docker-compose-config.out
 D tmp/coding-agent-runs/20260708T183000Z-workspace-runtime-redesign/final/docker-verify.err
 D tmp/coding-agent-runs/20260708T183000Z-workspace-runtime-redesign/final/docker-verify.out
 D tmp/coding-agent-runs/20260708T183000Z-workspace-runtime-redesign/final/fmt-check.err
 D tmp/coding-agent-runs/20260708T183000Z-workspace-runtime-redesign/final/fmt-check.out
 D tmp/coding-agent-runs/20260708T183000Z-workspace-runtime-redesign/final/focused-app.err
 D tmp/coding-agent-runs/20260708T183000Z-workspace-runtime-redesign/final/focused-app.out
 D tmp/coding-agent-runs/20260708T183000Z-workspace-runtime-redesign/final/focused-core.err
 D tmp/coding-agent-runs/20260708T183000Z-workspace-runtime-redesign/final/focused-core.out
 D tmp/coding-agent-runs/20260708T183000Z-workspace-runtime-redesign/final/line-counts.out
 D tmp/coding-agent-runs/20260708T183000Z-workspace-runtime-redesign/final/live-standard-summary.txt
 D tmp/coding-agent-runs/20260708T183000Z-workspace-runtime-redesign/final/live-standard.err
 D tmp/coding-agent-runs/20260708T183000Z-workspace-runtime-redesign/final/live-standard.out
 D tmp/coding-agent-runs/20260708T183000Z-workspace-runtime-redesign/final/post-live-check-docs.err
 D tmp/coding-agent-runs/20260708T183000Z-workspace-runtime-redesign/final/post-live-check-docs.out
 D tmp/coding-agent-runs/20260708T183000Z-workspace-runtime-redesign/final/post-live-docker-verify.err
 D tmp/coding-agent-runs/20260708T183000Z-workspace-runtime-redesign/final/post-live-docker-verify.out
 D tmp/coding-agent-runs/20260708T183000Z-workspace-runtime-redesign/final/post-live-line-counts.out
 D tmp/coding-agent-runs/20260708T183000Z-workspace-runtime-redesign/final/post-live-quiet-verify.err
 D tmp/coding-agent-runs/20260708T183000Z-workspace-runtime-redesign/final/post-live-quiet-verify.out
 D tmp/coding-agent-runs/20260708T183000Z-workspace-runtime-redesign/final/prompt-no-json.err
 D tmp/coding-agent-runs/20260708T183000Z-workspace-runtime-redesign/final/prompt-no-json.out
 D tmp/coding-agent-runs/20260708T183000Z-workspace-runtime-redesign/final/protocol-grep.err
 D tmp/coding-agent-runs/20260708T183000Z-workspace-runtime-redesign/final/protocol-grep.out
 D tmp/coding-agent-runs/20260708T183000Z-workspace-runtime-redesign/final/quiet-verify.err
 D tmp/coding-agent-runs/20260708T183000Z-workspace-runtime-redesign/final/quiet-verify.out
 D tmp/coding-agent-runs/20260708T183000Z-workspace-runtime-redesign/final/summary.log
 D tmp/coding-agent-runs/20260708T183000Z-workspace-runtime-redesign/final/tui-capture.err
 D tmp/coding-agent-runs/20260708T183000Z-workspace-runtime-redesign/final/tui-capture.out
 D tmp/coding-agent-runs/20260708T183000Z-workspace-runtime-redesign/final/tui/japanese-fixtures.txt
 D tmp/coding-agent-runs/20260708T183000Z-workspace-runtime-redesign/final/tui/tui-tests.err
 D tmp/coding-agent-runs/20260708T183000Z-workspace-runtime-redesign/final/tui/tui-tests.out
 D tmp/coding-agent-runs/20260708T183000Z-workspace-runtime-redesign/final/workspace-evidence.err
 D tmp/coding-agent-runs/20260708T183000Z-workspace-runtime-redesign/final/workspace-evidence.out
 D tmp/coding-agent-runs/20260708T183000Z-workspace-runtime-redesign/git-head.txt
 D tmp/coding-agent-runs/20260708T183000Z-workspace-runtime-redesign/git-status-short.txt
 D tmp/coding-agent-runs/20260708T183000Z-workspace-runtime-redesign/packet-pointer.txt
 D tmp/coding-agent-runs/20260708T183000Z-workspace-runtime-redesign/proof-collect.out
 D tmp/coding-agent-runs/20260708T183000Z-workspace-runtime-redesign/proof/admissions.md
 D tmp/coding-agent-runs/20260708T183000Z-workspace-runtime-redesign/proof/artifacts.md
 D tmp/coding-agent-runs/20260708T183000Z-workspace-runtime-redesign/proof/attempts.md
 D tmp/coding-agent-runs/20260708T183000Z-workspace-runtime-redesign/proof/checks.md
 D tmp/coding-agent-runs/20260708T183000Z-workspace-runtime-redesign/proof/context-edges.md
 D tmp/coding-agent-runs/20260708T183000Z-workspace-runtime-redesign/proof/context.md
 D tmp/coding-agent-runs/20260708T183000Z-workspace-runtime-redesign/proof/decisions.md
 D tmp/coding-agent-runs/20260708T183000Z-workspace-runtime-redesign/proof/exchanges.md
 D tmp/coding-agent-runs/20260708T183000Z-workspace-runtime-redesign/proof/observations.md
 D tmp/coding-agent-runs/20260708T183000Z-workspace-runtime-redesign/proof/prompt-cards.md
 D tmp/coding-agent-runs/20260708T183000Z-workspace-runtime-redesign/proof/prompt-frames.md
 D tmp/coding-agent-runs/20260708T183000Z-workspace-runtime-redesign/proof/records.md
 D tmp/coding-agent-runs/20260708T183000Z-workspace-runtime-redesign/proof/selector-candidates.md
 D tmp/coding-agent-runs/20260708T183000Z-workspace-runtime-redesign/proof/state-vector.md
 D tmp/coding-agent-runs/20260708T183000Z-workspace-runtime-redesign/proof/status.md
 D tmp/coding-agent-runs/20260708T183000Z-workspace-runtime-redesign/proof/summary.md
 D tmp/coding-agent-runs/20260708T183000Z-workspace-runtime-redesign/proof/token-usage.md
 D tmp/coding-agent-runs/20260708T183000Z-workspace-runtime-redesign/proof/warnings.md
 D tmp/coding-agent-runs/20260708T183000Z-workspace-runtime-redesign/proof/word-counts.md
 D tmp/coding-agent-runs/20260708T183000Z-workspace-runtime-redesign/proof/workspace-tree.md
 D tmp/coding-agent-runs/20260708T183000Z-workspace-runtime-redesign/sqlite-counts.tsv
 D tmp/coding-agent-runs/20260708T183000Z-workspace-runtime-redesign/tui/japanese-fixtures.txt
 D tmp/coding-agent-runs/20260708T183000Z-workspace-runtime-redesign/tui/tui-tests.err
 D tmp/coding-agent-runs/20260708T183000Z-workspace-runtime-redesign/tui/tui-tests.out
 D tmp/coding-agent-runs/20260708T183000Z-workspace-runtime-redesign/workspace-evidence.txt
 D tmp/coding-agent-runs/20260709T041854Z-more-more-continuation/baseline/check-docs.err
 D tmp/coding-agent-runs/20260709T041854Z-more-more-continuation/baseline/check-docs.out
 D tmp/coding-agent-runs/20260709T041854Z-more-more-continuation/baseline/check-lines.err
 D tmp/coding-agent-runs/20260709T041854Z-more-more-continuation/baseline/check-lines.out
 D tmp/coding-agent-runs/20260709T041854Z-more-more-continuation/baseline/repo-static-python.err
 D tmp/coding-agent-runs/20260709T041854Z-more-more-continuation/baseline/repo-static-python.out
 D tmp/coding-agent-runs/20260709T041854Z-more-more-continuation/baseline/repo-static-python3.err
 D tmp/coding-agent-runs/20260709T041854Z-more-more-continuation/baseline/repo-static-python3.out
 D tmp/coding-agent-runs/20260709T041854Z-more-more-continuation/baseline/sqlite-python.err
 D tmp/coding-agent-runs/20260709T041854Z-more-more-continuation/baseline/sqlite-python.out
 D tmp/coding-agent-runs/20260709T041854Z-more-more-continuation/baseline/sqlite-python3.err
 D tmp/coding-agent-runs/20260709T041854Z-more-more-continuation/baseline/sqlite-python3.out
 D tmp/coding-agent-runs/20260709T041854Z-more-more-continuation/final/docker-verify.err
 D tmp/coding-agent-runs/20260709T041854Z-more-more-continuation/final/docker-verify.out
 D tmp/coding-agent-runs/20260709T041854Z-more-more-continuation/final/live-help.err
 D tmp/coding-agent-runs/20260709T041854Z-more-more-continuation/final/live-help.out
 D tmp/coding-agent-runs/20260709T041854Z-more-more-continuation/final/post-ledger-check-docs.err
 D tmp/coding-agent-runs/20260709T041854Z-more-more-continuation/final/post-ledger-check-docs.out
 D tmp/coding-agent-runs/20260709T041854Z-more-more-continuation/final/quiet-verify.err
 D tmp/coding-agent-runs/20260709T041854Z-more-more-continuation/final/quiet-verify.out
 D tmp/coding-agent-runs/20260709T041854Z-more-more-continuation/focused/app-tests.err
 D tmp/coding-agent-runs/20260709T041854Z-more-more-continuation/focused/app-tests.out
 D tmp/coding-agent-runs/20260709T041854Z-more-more-continuation/focused/core-tests.err
 D tmp/coding-agent-runs/20260709T041854Z-more-more-continuation/focused/core-tests.out
 D tmp/coding-agent-runs/20260709T041854Z-more-more-continuation/focused/proof-collect.err
 D tmp/coding-agent-runs/20260709T041854Z-more-more-continuation/focused/proof-collect.out
 D tmp/coding-agent-runs/20260709T041854Z-more-more-continuation/focused/protocol-experiment.err
 D tmp/coding-agent-runs/20260709T041854Z-more-more-continuation/focused/protocol-experiment.out
 D tmp/coding-agent-runs/20260709T041854Z-more-more-continuation/focused/smoke-replay.err
 D tmp/coding-agent-runs/20260709T041854Z-more-more-continuation/focused/smoke-replay.out
 D tmp/coding-agent-runs/20260709T041854Z-more-more-continuation/focused/workspace-probe-retry.err
 D tmp/coding-agent-runs/20260709T041854Z-more-more-continuation/focused/workspace-probe-retry.out
 D tmp/coding-agent-runs/20260709T041854Z-more-more-continuation/focused/workspace-probe-shim.err
 D tmp/coding-agent-runs/20260709T041854Z-more-more-continuation/focused/workspace-probe-shim.out
 D tmp/coding-agent-runs/20260709T041854Z-more-more-continuation/focused/workspace-probe.err
 D tmp/coding-agent-runs/20260709T041854Z-more-more-continuation/focused/workspace-probe.out
 D tmp/coding-agent-runs/20260709T041854Z-more-more-continuation/proof/admissions.md
 D tmp/coding-agent-runs/20260709T041854Z-more-more-continuation/proof/artifacts.md
 D tmp/coding-agent-runs/20260709T041854Z-more-more-continuation/proof/attempts.md
 D tmp/coding-agent-runs/20260709T041854Z-more-more-continuation/proof/checks.md
 D tmp/coding-agent-runs/20260709T041854Z-more-more-continuation/proof/context-edges.md
 D tmp/coding-agent-runs/20260709T041854Z-more-more-continuation/proof/context.md
 D tmp/coding-agent-runs/20260709T041854Z-more-more-continuation/proof/decisions.md
 D tmp/coding-agent-runs/20260709T041854Z-more-more-continuation/proof/exchanges.md
 D tmp/coding-agent-runs/20260709T041854Z-more-more-continuation/proof/observations.md
 D tmp/coding-agent-runs/20260709T041854Z-more-more-continuation/proof/prompt-cards.md
 D tmp/coding-agent-runs/20260709T041854Z-more-more-continuation/proof/prompt-frames.md
 D tmp/coding-agent-runs/20260709T041854Z-more-more-continuation/proof/records.md
 D tmp/coding-agent-runs/20260709T041854Z-more-more-continuation/proof/selector-candidates.md
 D tmp/coding-agent-runs/20260709T041854Z-more-more-continuation/proof/state-vector.md
 D tmp/coding-agent-runs/20260709T041854Z-more-more-continuation/proof/status.md
 D tmp/coding-agent-runs/20260709T041854Z-more-more-continuation/proof/summary.md
 D tmp/coding-agent-runs/20260709T041854Z-more-more-continuation/proof/token-usage.md
 D tmp/coding-agent-runs/20260709T041854Z-more-more-continuation/proof/warnings.md
 D tmp/coding-agent-runs/20260709T041854Z-more-more-continuation/proof/word-counts.md
 D tmp/coding-agent-runs/20260709T041854Z-more-more-continuation/proof/workspace-tree.md
 D tmp/coding-agent-runs/20260709T041854Z-more-more-continuation/protocol-experiments/adoption.md
 D tmp/coding-agent-runs/20260709T041854Z-more-more-continuation/protocol-experiments/artifact-manifest.md
 D tmp/coding-agent-runs/20260709T041854Z-more-more-continuation/protocol-experiments/baseline.md
 D tmp/coding-agent-runs/20260709T041854Z-more-more-continuation/protocol-experiments/context-kernel.md
 D tmp/coding-agent-runs/20260709T041854Z-more-more-continuation/protocol-experiments/personal-workspace.md
 D tmp/coding-agent-runs/20260709T041854Z-more-more-continuation/protocol-experiments/protocol-safe.md
 D tmp/coding-agent-runs/20260709T041854Z-more-more-continuation/protocol-experiments/protocol-stress.md
 D tmp/coding-agent-runs/20260709T041854Z-more-more-continuation/protocol-experiments/software-project.md
 D tmp/live-runs/20260708T180320Z/adoption.md
 D tmp/live-runs/20260708T180320Z/personal-workspace/raw-evidence.md
 D tmp/live-runs/20260708T180320Z/personal-workspace/summary.md
 D tmp/live-runs/20260708T180320Z/protocol-stress/raw-evidence.md
 D tmp/live-runs/20260708T180320Z/protocol-stress/summary.md
 D tmp/live-runs/20260708T180320Z/software-project/raw-evidence.md
 D tmp/live-runs/20260708T180320Z/software-project/summary.md
 D tmp/live-runs/20260708T180320Z/structured-artifact/raw-evidence.md
 D tmp/live-runs/20260708T180320Z/structured-artifact/summary.md
 D tmp/live-runs/20260708Tliveenv/adoption.md
 D tmp/live-runs/20260708Tliveenv/personal-workspace/raw-evidence.md
 D tmp/live-runs/20260708Tliveenv/personal-workspace/summary.md
 D tmp/live-runs/20260708Tliveenv/protocol-stress/raw-evidence.md
 D tmp/live-runs/20260708Tliveenv/protocol-stress/summary.md
 D tmp/live-runs/20260708Tliveenv/software-project/raw-evidence.md
 D tmp/live-runs/20260708Tliveenv/software-project/summary.md
 D tmp/live-runs/20260708Tliveenv/structured-artifact/raw-evidence.md
 D tmp/live-runs/20260708Tliveenv/structured-artifact/summary.md
 D tmp/live-runs/20260708Tstandardenv/adoption.md
 D tmp/live-runs/20260708Tstandardenv/personal-workspace/raw-evidence.md
 D tmp/live-runs/20260708Tstandardenv/personal-workspace/summary.md
 D tmp/live-runs/20260708Tstandardenv/protocol-stress/raw-evidence.md
 D tmp/live-runs/20260708Tstandardenv/protocol-stress/summary.md
 D tmp/live-runs/20260708Tstandardenv/software-project/raw-evidence.md
 D tmp/live-runs/20260708Tstandardenv/software-project/summary.md
 D tmp/live-runs/20260708Tstandardenv/structured-artifact/raw-evidence.md
 D tmp/live-runs/20260708Tstandardenv/structured-artifact/summary.md
 D tmp/lkjagent-more-more-progress/final-dod-check.md
 D tmp/lkjagent-more-more-progress/ledger.md
status_end
log_begin
e0aa715e (HEAD -> main) Define evidence-backed workgraph gate execution
1b615a76 Anchor the external rebuild contract before implementation
ae5ff551 tui: remove append workbench mode
03a451c0 docs: update current implementation state
657b12f3 runtime: block repeated recovery failures
fda7ecaa workspace: validate record fingerprints
8a4db128 workspace: audit record archive moves
2c9d06a7 workspace: write manifest under manifests directory
ccb514c4 tui: shadow pending transcript rows by identity
0deee231 tui: honor workbench mode on tty
c2f29dc0 repo: satisfy quiet verify after helper merge
b14c15d8 repo: merge helpers under source file budget
b308f88c context: record named prompt pipeline stages
44b8959e runtime: route failures through active recovery
b457e62a xtask: read flat config for smoke live
9fca6514 tui: clamp transcript viewport and hide diagnostics
c722669a runtime: derive harness state in decisions
a16adead Pin final DoD artifact evidence
a761adfb Record final DoD item check
3c3fd2ef Close reopened workspace and TUI ledger rows
7b2ae344 Shadow local TUI rows once durable rows arrive
e884db7c Record tool admission hardening closure
e99919ef Align tool admission visibility with persisted state
d97eca0f Record rebalance compensation closure
d2c69544 Compensate rebalance alias and audit failures
4c38ace9 Record generated artifact split closure
e4c17d42 Split large generated artifacts into checked parts
b474a963 Record context contract closure evidence
757ca459 Render ranked XML-like context card entries
8c309267 Record tool admission hardening as partial evidence
log_end
tracked_inputs_begin
data/README.md
tracked_inputs_end
packet_anchor	1b615a76c03dfd58dfd2986f017563bd6789e832
